**********************
PowerShell transcript start
Start time: 20260528021516
Username: JADHAV\jadha
RunAs User: JADHAV\jadha
Configuration Name: 
Machine: JADHAV (Microsoft Windows NT 10.0.26200.0)
Host Application: C:\Program Files\WindowsApps\Microsoft.PowerShell_7.6.2.0_x64__8wekyb3d8bbwe\pwsh.dll -Command [Console]::OutputEncoding=[System.Text.Encoding]::UTF8;
$timestamp = Get-Date -Format 'yyyyMMdd-HHmmss'
$logPath = Join-Path 'C:\Users\jadha\clicky.ai\logs' "$timestamp-git-commit-push.log"
Start-Transcript -Path $logPath -Force | Out-Null
Write-Output '--- status before ---'
git status --short
git add src/index.ts
Write-Output '--- staged diff ---'
git diff --cached --stat
git commit -m "Prefer Google voice and speech fallbacks"
Write-Output '--- push ---'
git push origin HEAD
Write-Output '--- status after ---'
git status --short
Write-Output '--- latest commit ---'
git log -1 --oneline
Stop-Transcript | Out-Null
Get-Content $logPath
Process ID: 21240
PSVersion: 7.6.2
PSEdition: Core
GitCommitId: 7.6.2
OS: Microsoft Windows 10.0.26200
Platform: Win32NT
PSCompatibleVersions: 1.0, 2.0, 3.0, 4.0, 5.0, 5.1, 6.0, 7.0
PSRemotingProtocolVersion: 2.4
SerializationVersion: 1.1.0.1
WSManStackVersion: 3.0
**********************
--- status before ---


--- staged diff ---


--- push ---

--- status after ---

--- latest commit ---

**********************
PowerShell transcript end
End time: 20260528021522
**********************
