**********************
PowerShell transcript start
Start time: 20260528022508
Username: JADHAV\jadha
RunAs User: JADHAV\jadha
Configuration Name: 
Machine: JADHAV (Microsoft Windows NT 10.0.26200.0)
Host Application: C:\Program Files\WindowsApps\Microsoft.PowerShell_7.6.2.0_x64__8wekyb3d8bbwe\pwsh.dll -Command [Console]::OutputEncoding=[System.Text.Encoding]::UTF8;
$timestamp = Get-Date -Format 'yyyyMMdd-HHmmss'
$logPath = Join-Path 'C:\Users\jadha\clicky.ai\logs' "$timestamp-worker-summary.log"
Start-Transcript -Path $logPath -Force | Out-Null
Write-Output '--- worker package ---'
Get-Content package.json
Write-Output '--- worker route names ---'
rg -n "url\.pathname|function handle|async function|/voice|/ai|/memory|/telemetry|/health" src test
Stop-Transcript | Out-Null
Get-Content $logPath
Process ID: 1540
PSVersion: 7.6.2
PSEdition: Core
GitCommitId: 7.6.2
OS: Microsoft Windows 10.0.26200
Platform: Win32NT
PSCompatibleVersions: 1.0, 2.0, 3.0, 4.0, 5.0, 5.1, 6.0, 7.0
PSRemotingProtocolVersion: 2.4
SerializationVersion: 1.1.0.1
WSManStackVersion: 3.0
**********************
--- worker package ---
{
  "name": "round-voice-437d",
  "version": "0.0.0",
  "private": true,
  "scripts": {
    "deploy": "wrangler deploy",
    "dev": "wrangler dev",
    "start": "wrangler dev",
    "test": "vitest",
    "cf-typegen": "wrangler types"
  },
  "devDependencies": {
    "@cloudflare/vitest-pool-workers": "^0.12.4",
    "@types/node": "^25.9.1",
    "typescript": "^5.5.2",
    "vitest": "~3.2.0",
    "wrangler": "^4.95.0"
  },
  "dependencies": {
    "@google/genai": "^2.6.0",
    "google-auth-library": "^10.6.2"
  }
}
--- worker route names ---

**********************
PowerShell transcript end
End time: 20260528022509
**********************
