**********************
PowerShell transcript start
Start time: 20260528022217
Username: JADHAV\jadha
RunAs User: JADHAV\jadha
Configuration Name: 
Machine: JADHAV (Microsoft Windows NT 10.0.26200.0)
Host Application: C:\Program Files\WindowsApps\Microsoft.PowerShell_7.6.2.0_x64__8wekyb3d8bbwe\pwsh.dll -Command [Console]::OutputEncoding=[System.Text.Encoding]::UTF8;
$timestamp = Get-Date -Format 'yyyyMMdd-HHmmss'
$logPath = Join-Path 'C:\Users\jadha\clicky.ai\logs' "$timestamp-git-status-before-working-commit.log"
Start-Transcript -Path $logPath -Force | Out-Null
Write-Output '--- root ---'
git -C C:\Users\jadha\clicky.ai status --short 2>&1
Write-Output '--- sdk ---'
git -C C:\Users\jadha\clicky.ai\clicky-web-sdk status --short 2>&1
Write-Output '--- worker ---'
git -C C:\Users\jadha\clicky.ai\round-voice-437d status --short
Write-Output '--- latest worker commit ---'
git -C C:\Users\jadha\clicky.ai\round-voice-437d log -3 --oneline
Stop-Transcript | Out-Null
Get-Content $logPath
Process ID: 23616
PSVersion: 7.6.2
PSEdition: Core
GitCommitId: 7.6.2
OS: Microsoft Windows 10.0.26200
Platform: Win32NT
PSCompatibleVersions: 1.0, 2.0, 3.0, 4.0, 5.0, 5.1, 6.0, 7.0
PSRemotingProtocolVersion: 2.4
SerializationVersion: 1.1.0.1
WSManStackVersion: 3.0
**********************
--- root ---
fatal: not a git repository (or any of the parent directories): .git
--- sdk ---
fatal: not a git repository (or any of the parent directories): .git
--- worker ---

--- latest worker commit ---

**********************
PowerShell transcript end
End time: 20260528022218
**********************
