**********************
PowerShell transcript start
Start time: 20260528022508
Username: JADHAV\jadha
RunAs User: JADHAV\jadha
Configuration Name: 
Machine: JADHAV (Microsoft Windows NT 10.0.26200.0)
Host Application: C:\Program Files\WindowsApps\Microsoft.PowerShell_7.6.2.0_x64__8wekyb3d8bbwe\pwsh.dll -Command [Console]::OutputEncoding=[System.Text.Encoding]::UTF8;
$timestamp = Get-Date -Format 'yyyyMMdd-HHmmss'
$logPath = Join-Path 'C:\Users\jadha\clicky.ai\logs' "$timestamp-sdk-tree-summary.log"
Start-Transcript -Path $logPath -Force | Out-Null
Write-Output '--- package ---'
Get-Content -Path package.json
Write-Output '--- src files ---'
rg --files src demo test 2>$null
Stop-Transcript | Out-Null
Get-Content $logPath
Process ID: 21372
PSVersion: 7.6.2
PSEdition: Core
GitCommitId: 7.6.2
OS: Microsoft Windows 10.0.26200
Platform: Win32NT
PSCompatibleVersions: 1.0, 2.0, 3.0, 4.0, 5.0, 5.1, 6.0, 7.0
PSRemotingProtocolVersion: 2.4
SerializationVersion: 1.1.0.1
WSManStackVersion: 3.0
**********************
--- package ---
{
  "name": "@clicky/web-sdk",
  "version": "0.1.0",
  "description": "Browser-native Clicky AI SDK for SaaS webapps.",
  "type": "module",
  "main": "./dist/clicky-web-sdk.umd.cjs",
  "module": "./dist/clicky-web-sdk.js",
  "types": "./dist/index.d.ts",
  "exports": {
    ".": {
      "types": "./dist/index.d.ts",
      "import": "./dist/clicky-web-sdk.js",
      "require": "./dist/clicky-web-sdk.umd.cjs"
    }
  },
  "files": [
    "dist",
    "README.md"
  ],
  "scripts": {
    "dev": "vite --host 127.0.0.1",
    "build": "tsc --noEmit && vite build && tsc -p tsconfig.build.json",
    "preview": "vite preview --host 127.0.0.1",
    "test": "vitest run",
    "test:watch": "vitest"
  },
  "keywords": [
    "clicky",
    "ai",
    "sdk",
    "voice",
    "browser"
  ],
  "license": "MIT",
  "devDependencies": {
    "@types/node": "^20.14.12",
    "jsdom": "^29.1.1",
    "typescript": "^5.5.4",
    "vite": "^5.4.0",
    "vitest": "^2.0.5"
  }
}
--- src files ---
rg: test: The system cannot find the file specified. (os error 2)
**********************
PowerShell transcript end
End time: 20260528022509
**********************
