**********************
PowerShell transcript start
Start time: 20260528015644
Username: JADHAV\jadha
RunAs User: JADHAV\jadha
Configuration Name: 
Machine: JADHAV (Microsoft Windows NT 10.0.26200.0)
Host Application: C:\Program Files\WindowsApps\Microsoft.PowerShell_7.6.2.0_x64__8wekyb3d8bbwe\pwsh.dll -Command [Console]::OutputEncoding=[System.Text.Encoding]::UTF8;
$timestamp = Get-Date -Format 'yyyyMMdd-HHmmss'
$logPath = Join-Path 'C:\Users\jadha\clicky.ai\logs' "$timestamp-backend-pipeline-check.log"
Start-Transcript -Path $logPath -Force | Out-Null
$base='https://round-voice-437d.essora-contactus.workers.dev'
$report=[ordered]@{}
$healthStart=Get-Date
$health=Invoke-RestMethod -Uri "$base/health" -TimeoutSec 30
$report.health_ms=[int]((Get-Date)-$healthStart).TotalMilliseconds
$report.health=$health
$tokenStart=Get-Date
$sttToken=Invoke-RestMethod -Method Post -Uri "$base/voice/stt-token" -ContentType 'application/json' -Body '{}' -TimeoutSec 30
$report.stt_token_ms=[int]((Get-Date)-$tokenStart).TotalMilliseconds
$report.stt_token_provider=$sttToken.provider
$report.stt_token_degraded=$sttToken.degraded
$chatStart=Get-Date
$chatBody=@{message='Say hello in one short sentence.'}|ConvertTo-Json
$chat=Invoke-RestMethod -Method Post -Uri "$base/ai/chat" -ContentType 'application/json' -Body $chatBody -TimeoutSec 60
$report.chat_ms=[int]((Get-Date)-$chatStart).TotalMilliseconds
$report.chat_success=$chat.success
$report.chat_text=$chat.result.candidates[0].content.parts[0].text
$ttsStart=Get-Date
$ttsFile=Join-Path $env:TEMP 'essora-pipeline-zephyr.mp3'
$ttsBody=@{text='Hello from Essora Zephyr.'; googleVoiceName='en-US-Chirp3-HD-Zephyr'; googleLanguageCode='en-US'}|ConvertTo-Json
Invoke-WebRequest -UseBasicParsing -Method Post -Uri "$base/voice/tts" -ContentType 'application/json' -Body $ttsBody -OutFile $ttsFile -TimeoutSec 60
$report.tts_ms=[int]((Get-Date)-$ttsStart).TotalMilliseconds
$report.tts_bytes=(Get-Item $ttsFile).Length
$wav=Join-Path $env:TEMP 'essora-pipeline-stt.wav'
Add-Type -AssemblyName System.Speech
$synth=New-Object System.Speech.Synthesis.SpeechSynthesizer
$format=New-Object System.Speech.AudioFormat.SpeechAudioFormatInfo(16000,[System.Speech.AudioFormat.AudioBitsPerSample]::Sixteen,[System.Speech.AudioFormat.AudioChannel]::Mono)
$synth.SetOutputToWaveFile($wav,$format)
$synth.Speak('Find the dashboard')
$synth.Dispose()
$sttBody=@{audioBase64=[Convert]::ToBase64String([System.IO.File]::ReadAllBytes($wav));contentType='audio/wav';sampleRateHertz=16000;languageCode='en-US'}|ConvertTo-Json -Compress
$sttStart=Get-Date
$stt=Invoke-RestMethod -Method Post -Uri "$base/voice/stt" -ContentType 'application/json' -Body $sttBody -TimeoutSec 60
$report.stt_upload_ms=[int]((Get-Date)-$sttStart).TotalMilliseconds
$report.stt_upload_provider=$stt.provider
$report.stt_upload_transcript=$stt.transcript
$report | ConvertTo-Json -Depth 10
Stop-Transcript | Out-Null
Get-Content $logPath
Process ID: 22504
PSVersion: 7.6.2
PSEdition: Core
GitCommitId: 7.6.2
OS: Microsoft Windows 10.0.26200
Platform: Win32NT
PSCompatibleVersions: 1.0, 2.0, 3.0, 4.0, 5.0, 5.1, 6.0, 7.0
PSRemotingProtocolVersion: 2.4
SerializationVersion: 1.1.0.1
WSManStackVersion: 3.0
**********************
{
  "health_ms": 192,
  "health": {
    "success": true,
    "services": {
      "vertex": true,
      "deepgram": true,
      "elevenlabs": true,
      "redis": true,
      "redisToken": true,
      "posthog": true,
      "sentry": true
    }
  },
  "stt_token_ms": 868,
  "stt_token_provider": "deepgram-proxy",
  "stt_token_degraded": true,
  "chat_ms": 2317,
  "chat_success": true,
  "chat_text": "Hello there!",
  "tts_ms": 688,
  "tts_bytes": 7200,
  "stt_upload_ms": 1115,
  "stt_upload_provider": "google",
  "stt_upload_transcript": "Find the dashboard."
}
**********************
PowerShell transcript end
End time: 20260528015650
**********************
