**********************
PowerShell transcript start
Start time: 20260528022217
Username: JADHAV\jadha
RunAs User: JADHAV\jadha
Configuration Name: 
Machine: JADHAV (Microsoft Windows NT 10.0.26200.0)
Host Application: C:\Program Files\WindowsApps\Microsoft.PowerShell_7.6.2.0_x64__8wekyb3d8bbwe\pwsh.dll -Command [Console]::OutputEncoding=[System.Text.Encoding]::UTF8;
$timestamp = Get-Date -Format 'yyyyMMdd-HHmmss'
$logPath = Join-Path 'C:\Users\jadha\clicky.ai\logs' "$timestamp-working-pipeline-smoke.log"
Start-Transcript -Path $logPath -Force | Out-Null
$base='https://round-voice-437d.essora-contactus.workers.dev'
$report=[ordered]@{}
$report.health=(Invoke-RestMethod -Uri "$base/health" -TimeoutSec 30).success
$chat=Invoke-RestMethod -Method Post -Uri "$base/ai/chat" -ContentType 'application/json' -Body (@{message='Say hello in one short sentence.'}|ConvertTo-Json) -TimeoutSec 60
$report.chat=$chat.success
$report.chatText=$chat.result.candidates[0].content.parts[0].text
$ttsFile=Join-Path $env:TEMP 'essora-working-check.mp3'
Invoke-WebRequest -UseBasicParsing -Method Post -Uri "$base/voice/tts" -ContentType 'application/json' -Body (@{text='Clicky is working.';googleVoiceName='en-US-Chirp3-HD-Zephyr';googleLanguageCode='en-US'}|ConvertTo-Json) -OutFile $ttsFile -TimeoutSec 60
$report.ttsBytes=(Get-Item $ttsFile).Length
$report | ConvertTo-Json -Depth 6
Stop-Transcript | Out-Null
Get-Content $logPath
Process ID: 8660
PSVersion: 7.6.2
PSEdition: Core
GitCommitId: 7.6.2
OS: Microsoft Windows 10.0.26200
Platform: Win32NT
PSCompatibleVersions: 1.0, 2.0, 3.0, 4.0, 5.0, 5.1, 6.0, 7.0
PSRemotingProtocolVersion: 2.4
SerializationVersion: 1.1.0.1
WSManStackVersion: 3.0
**********************
{
  "health": true,
  "chat": true,
  "chatText": "Hello there!",
  "ttsBytes": 6144
}
**********************
PowerShell transcript end
End time: 20260528022220
**********************
