**********************
PowerShell transcript start
Start time: 20260528014226
Username: JADHAV\jadha
RunAs User: JADHAV\jadha
Configuration Name: 
Machine: JADHAV (Microsoft Windows NT 10.0.26200.0)
Host Application: C:\Program Files\WindowsApps\Microsoft.PowerShell_7.6.2.0_x64__8wekyb3d8bbwe\pwsh.dll -Command [Console]::OutputEncoding=[System.Text.Encoding]::UTF8;
$timestamp = Get-Date -Format 'yyyyMMdd-HHmmss'
$logPath = Join-Path 'C:\Users\jadha\clicky.ai\logs' "$timestamp-read-shadowdom.log"
Start-Transcript -Path $logPath -Force | Out-Null
Get-Content -Path src\shared\ShadowDom.ts
Stop-Transcript | Out-Null
Get-Content $logPath
Process ID: 24144
PSVersion: 7.6.2
PSEdition: Core
GitCommitId: 7.6.2
OS: Microsoft Windows 10.0.26200
Platform: Win32NT
PSCompatibleVersions: 1.0, 2.0, 3.0, 4.0, 5.0, 5.1, 6.0, 7.0
PSRemotingProtocolVersion: 2.4
SerializationVersion: 1.1.0.1
WSManStackVersion: 3.0
**********************
export type ShadowRootMount = {
  hostElement: HTMLElement;
  shadowRoot: ShadowRoot;
};

export function createShadowRootMount(mountElement: HTMLElement, hostClassName: string): ShadowRootMount {
  const hostElement = document.createElement("div");
  hostElement.className = hostClassName;
  mountElement.appendChild(hostElement);
  const shadowRoot = hostElement.attachShadow({ mode: "open" });

  return { hostElement, shadowRoot };
}
**********************
PowerShell transcript end
End time: 20260528014226
**********************
