**********************
PowerShell transcript start
Start time: 20260607133633
Username: JADHAV\jadha
RunAs User: JADHAV\jadha
Configuration Name: 
Machine: JADHAV (Microsoft Windows NT 10.0.26200.0)
Host Application: C:\Program Files\WindowsApps\Microsoft.PowerShell_7.6.2.0_x64__8wekyb3d8bbwe\pwsh.dll -Command try { [Console]::OutputEncoding=[System.Text.Encoding]::UTF8 } catch {}
$timestamp = Get-Date -Format 'yyyyMMdd-HHmmss'; $logDir = Join-Path (Get-Location) 'logs'; New-Item -ItemType Directory -Force -Path $logDir | Out-Null; $logPath = Join-Path $logDir "gap-local-overview-$timestamp.log"; Start-Transcript -Path $logPath -Force | Out-Null; Write-Host "LOG_PATH=$logPath"; Get-Content .\clicky-web-sdk\package.json -Raw; Get-Content .\round-voice-437d\package.json -Raw; Get-Content .\clicky-web-sdk\src\index.ts -Raw; Stop-Transcript | Out-Null
Process ID: 31112
PSVersion: 7.6.2
PSEdition: Core
GitCommitId: 7.6.2
OS: Microsoft Windows 10.0.26200
Platform: Win32NT
PSCompatibleVersions: 1.0, 2.0, 3.0, 4.0, 5.0, 5.1, 6.0, 7.0
PSRemotingProtocolVersion: 2.4
SerializationVersion: 1.1.0.1
WSManStackVersion: 3.0
**********************
LOG_PATH=C:\Users\jadha\clicky.ai\logs\gap-local-overview-20260607-133633.log
{
  "name": "@clicky/web-sdk",
  "version": "0.1.0",
  "description": "Browser-native Clicky AI SDK for SaaS webapps.",
  "type": "module",
  "main": "./dist/clicky-web-sdk.umd.cjs",
  "module": "./dist/clicky-web-sdk.js",
  "types": "./dist/index.d.ts",
  "exports": {
    ".": {
      "types": "./dist/index.d.ts",
      "import": "./dist/clicky-web-sdk.js",
      "require": "./dist/clicky-web-sdk.umd.cjs"
    }
  },
  "files": [
    "dist",
    "README.md"
  ],
  "scripts": {
    "dev": "vite --host 127.0.0.1",
    "build": "tsc --noEmit && vite build && tsc -p tsconfig.build.json",
    "preview": "vite preview --host 127.0.0.1",
    "test": "vitest run",
    "test:watch": "vitest"
  },
  "keywords": [
    "clicky",
    "ai",
    "sdk",
    "voice",
    "browser"
  ],
  "license": "MIT",
  "devDependencies": {
    "@types/node": "^20.14.12",
    "jsdom": "^29.1.1",
    "typescript": "^5.5.4",
    "vite": "^5.4.0",
    "vitest": "^2.0.5"
  }
}
{
  "name": "round-voice-437d",
  "version": "0.0.0",
  "private": true,
  "scripts": {
    "deploy": "wrangler deploy",
    "dev": "wrangler dev",
    "start": "wrangler dev",
    "test": "vitest",
    "cf-typegen": "wrangler types"
  },
  "devDependencies": {
    "@cloudflare/vitest-pool-workers": "^0.12.4",
    "@types/node": "^25.9.1",
    "typescript": "^5.5.2",
    "vitest": "~3.2.0",
    "wrangler": "^4.95.0"
  },
  "dependencies": {
    "@google/genai": "^2.6.0",
    "google-auth-library": "^10.6.2"
  }
}
import { ClickyClient } from "./core/ClickyClient";
import type { ClickyOptions } from "./core/types";

export { ClickyClient };
export type {
  ClickyActionContext,
  ClickyActionDefinition,
  ClickyActionMode,
  ClickyActionResult,
  ClickyApiRoutes,
  ClickyCapturedContext,
  ClickyCapturedElement,
  ClickyClientPublic,
  ClickyContextMode,
  ClickyDiagnostics,
  ClickyEnvironment,
  ClickyEventHandler,
  ClickyEventMap,
  ClickyEventName,
  ClickyHotkey,
  ClickyOptions,
  ClickyPointCommand,
  ClickyRealtimeMode,
  ClickySemanticProvider,
  ClickyState,
  ClickyTaskOptions,
  ClickyThemeOptions
} from "./core/types";

export const ClickySDK = {
  init(options: ClickyOptions): ClickyClient {
    return new ClickyClient(options);
  }
};

export function init(options: ClickyOptions): ClickyClient {
  return ClickySDK.init(options);
}

declare global {
  interface Window {
    ClickySDK?: typeof ClickySDK;
    webkitAudioContext?: typeof AudioContext;
    SpeechRecognition?: new () => {
      continuous: boolean;
      interimResults: boolean;
      lang: string;
      start(): void;
      stop(): void;
      abort(): void;
      onresult: ((event: Event) => void) | null;
      onerror: ((event: Event) => void) | null;
      onend: (() => void) | null;
    };
    webkitSpeechRecognition?: Window["SpeechRecognition"];
  }
}

if (typeof window !== "undefined") {
  window.ClickySDK = ClickySDK;
}
**********************
PowerShell transcript end
End time: 20260607133633
**********************
