**********************
PowerShell transcript start
Start time: 20260607135254
Username: JADHAV\jadha
RunAs User: JADHAV\jadha
Configuration Name: 
Machine: JADHAV (Microsoft Windows NT 10.0.26200.0)
Host Application: C:\Program Files\WindowsApps\Microsoft.PowerShell_7.6.2.0_x64__8wekyb3d8bbwe\pwsh.dll -Command try { [Console]::OutputEncoding=[System.Text.Encoding]::UTF8 } catch {}
$timestamp = Get-Date -Format 'yyyyMMdd-HHmmss'; $logDir = Join-Path 'C:\Users\jadha\clicky.ai' 'logs'; New-Item -ItemType Directory -Force -Path $logDir | Out-Null; $logPath = Join-Path $logDir "implement-read-overlay-styles-$timestamp.log"; Start-Transcript -Path $logPath -Force | Out-Null; Write-Host "LOG_PATH=$logPath"; Get-Content .\clicky-web-sdk\src\overlay\overlayStyles.ts -Raw; Stop-Transcript | Out-Null
Process ID: 31476
PSVersion: 7.6.2
PSEdition: Core
GitCommitId: 7.6.2
OS: Microsoft Windows 10.0.26200
Platform: Win32NT
PSCompatibleVersions: 1.0, 2.0, 3.0, 4.0, 5.0, 5.1, 6.0, 7.0
PSRemotingProtocolVersion: 2.4
SerializationVersion: 1.1.0.1
WSManStackVersion: 3.0
**********************
LOG_PATH=C:\Users\jadha\clicky.ai\logs\implement-read-overlay-styles-20260607-135254.log
import type { NormalizedClickyOptions } from "../core/types";
import { createDesignSystemCss } from "../shared/DesignSystem";

export function createOverlayStyles(options: NormalizedClickyOptions): string {
  return `
    ${createDesignSystemCss(options)}

    .clicky-overlay {
      position: fixed;
      inset: 0;
      z-index: var(--clicky-z-index);
      pointer-events: none;
      overflow: hidden;
    }

    .clicky-cursor {
      position: absolute;
      width: 18px;
      height: 18px;
      transform: translate3d(-100px, -100px, 0) rotate(45deg);
      border-radius: 5px 5px 5px 1px;
      background: var(--clicky-accent);
      box-shadow: 0 0 0 5px color-mix(in srgb, var(--clicky-accent) 18%, transparent),
        0 8px 24px color-mix(in srgb, var(--clicky-accent) 44%, transparent);
      opacity: 0;
      transition: opacity 140ms ease, transform 420ms cubic-bezier(.2,.8,.2,1);
      will-change: transform, opacity;
    }

    .clicky-cursor.is-visible {
      opacity: 1;
    }

    .clicky-response-bubble {
      position: absolute;
      max-width: min(360px, calc(100vw - 32px));
      transform: translate3d(-100px, -100px, 0);
      padding: 10px 12px;
      border: 1px solid var(--clicky-border);
      border-radius: var(--clicky-radius);
      background: rgba(16, 21, 31, 0.94);
      color: var(--clicky-text);
      box-shadow: var(--clicky-shadow);
      opacity: 0;
      transition: opacity 140ms ease, transform 420ms cubic-bezier(.2,.8,.2,1);
      line-height: 1.35;
      font-size: 13px;
    }

    .clicky-response-bubble.is-visible {
      opacity: 1;
    }

    .clicky-element-highlight,
    .clicky-element-pulse {
      position: absolute;
      top: 0;
      left: 0;
      width: 0;
      height: 0;
      opacity: 0;
      pointer-events: none;
      box-sizing: border-box;
      will-change: transform, width, height, opacity;
    }

    .clicky-element-highlight {
      border: 2px solid var(--clicky-accent);
      background: color-mix(in srgb, var(--clicky-accent) 7%, transparent);
      box-shadow:
        0 0 0 4px color-mix(in srgb, var(--clicky-accent) 16%, transparent),
        0 10px 34px color-mix(in srgb, var(--clicky-accent) 30%, transparent),
        inset 0 0 0 1px rgba(255, 255, 255, 0.46);
      transition: opacity 120ms ease;
    }

    .clicky-element-pulse {
      border: 1px solid color-mix(in srgb, var(--clicky-accent) 70%, transparent);
      animation: clicky-target-pulse 1100ms ease-out infinite;
    }

    .clicky-element-highlight.is-visible,
    .clicky-element-pulse.is-visible {
      opacity: 1;
    }

    @keyframes clicky-target-pulse {
      0% {
        opacity: 0.55;
        box-shadow: 0 0 0 0 color-mix(in srgb, var(--clicky-accent) 26%, transparent);
      }
      100% {
        opacity: 0;
        box-shadow: 0 0 0 12px color-mix(in srgb, var(--clicky-accent) 0%, transparent);
      }
    }
  `;
}
**********************
PowerShell transcript end
End time: 20260607135254
**********************
