**********************
PowerShell transcript start
Start time: 20260607140100
Username: JADHAV\jadha
RunAs User: JADHAV\jadha
Configuration Name: 
Machine: JADHAV (Microsoft Windows NT 10.0.26200.0)
Host Application: C:\Program Files\WindowsApps\Microsoft.PowerShell_7.6.2.0_x64__8wekyb3d8bbwe\pwsh.dll -Command try { [Console]::OutputEncoding=[System.Text.Encoding]::UTF8 } catch {}
$timestamp = Get-Date -Format 'yyyyMMdd-HHmmss'; $logDir = Join-Path 'C:\Users\jadha\clicky.ai' 'logs'; New-Item -ItemType Directory -Force -Path $logDir | Out-Null; $logPath = Join-Path $logDir "implement-read-semantic-deps-$timestamp.log"; Start-Transcript -Path $logPath -Force | Out-Null; Write-Host "LOG_PATH=$logPath"; Get-Content .\clicky-web-sdk\src\context\ContextCollector.ts -Raw; Get-Content .\clicky-web-sdk\src\context\DomSnapshot.ts -Raw; Get-Content .\clicky-web-sdk\src\context\Redaction.ts -Raw; Get-Content .\clicky-web-sdk\src\context\selectors.ts -Raw; Stop-Transcript | Out-Null
Process ID: 7020
PSVersion: 7.6.2
PSEdition: Core
GitCommitId: 7.6.2
OS: Microsoft Windows 10.0.26200
Platform: Win32NT
PSCompatibleVersions: 1.0, 2.0, 3.0, 4.0, 5.0, 5.1, 6.0, 7.0
PSRemotingProtocolVersion: 2.4
SerializationVersion: 1.1.0.1
WSManStackVersion: 3.0
**********************
LOG_PATH=C:\Users\jadha\clicky.ai\logs\implement-read-semantic-deps-20260607-140100.log
import type { ClickyCapturedContext, NormalizedClickyOptions } from "../core/types";
import { ElementRegistry } from "./ElementRegistry";
import { DomSnapshot } from "./DomSnapshot";
import { ScreenshotCapture } from "./ScreenshotCapture";

export class ContextCollector {
  private readonly domSnapshot: DomSnapshot;
  private readonly screenshotCapture = new ScreenshotCapture();
  private semanticMapVersion = 0;

  constructor(
    private readonly options: NormalizedClickyOptions,
    readonly elementRegistry: ElementRegistry
  ) {
    this.domSnapshot = new DomSnapshot(options, elementRegistry);
  }

  async capture(options: { includeScreenshot?: boolean } = {}): Promise<ClickyCapturedContext> {
    const domSnapshotResult = this.domSnapshot.capture();
    const screenshots = [];

    if (options.includeScreenshot && this.options.enableScreenshots && this.options.contextMode !== "dom-only") {
      screenshots.push(await this.screenshotCapture.captureStill());
    }

    return {
      semanticMapVersion: this.semanticMapVersion,
      appName: this.options.appName,
      tenantId: this.options.tenantId,
      userId: this.options.userId,
      sessionId: this.options.sessionId,
      url: window.location.href,
      title: document.title,
      viewport: {
        width: window.innerWidth,
        height: window.innerHeight,
        scrollX: window.scrollX,
        scrollY: window.scrollY
      },
      pageText: domSnapshotResult.pageText,
      elements: domSnapshotResult.elements,
      screenshots,
      capturedAt: new Date().toISOString()
    };
  }

  markDomChanged(): number {
    this.semanticMapVersion += 1;
    return this.semanticMapVersion;
  }

  getSemanticMapVersion(): number {
    return this.semanticMapVersion;
  }
}
import type { ClickyCapturedElement, ClickyRect, NormalizedClickyOptions } from "../core/types";
import { isVisibleElement } from "../utils/dom";
import { ElementRegistry } from "./ElementRegistry";
import { Redaction } from "./Redaction";
import { createStableSelector } from "./selectors";

const contextSelector = [
  "a",
  "button",
  "input",
  "textarea",
  "select",
  "summary",
  "[role]",
  "[aria-label]",
  "[data-clicky-label]",
  "[data-clicky-context]",
  "h1",
  "h2",
  "h3",
  "h4",
  "h5",
  "h6",
  "label",
  "th",
  "td"
].join(",");

export type DomSnapshotResult = {
  elements: ClickyCapturedElement[];
  pageText: string;
};

export class DomSnapshot {
  private readonly redaction: Redaction;

  constructor(
    private readonly options: NormalizedClickyOptions,
    private readonly elementRegistry: ElementRegistry
  ) {
    this.redaction = new Redaction(options);
  }

  capture(): DomSnapshotResult {
    this.elementRegistry.clear();

    const candidateElements = Array.from(document.body.querySelectorAll(contextSelector));
    const capturedElements: ClickyCapturedElement[] = [];
    const pageTextParts: string[] = [];

    for (const candidateElement of candidateElements) {
      if (capturedElements.length >= 220) {
        break;
      }

      if (this.redaction.shouldIgnoreElement(candidateElement) || !isVisibleElement(candidateElement)) {
        continue;
      }

      const label = this.createLabel(candidateElement);
      const text = this.createElementText(candidateElement);
      if (!label && !text) {
        continue;
      }

      const bounds = this.createBounds(candidateElement);
      const id = this.elementRegistry.registerElement(candidateElement);
      const capturedElement: ClickyCapturedElement = {
        id,
        tagName: candidateElement.tagName.toLowerCase(),
        role: candidateElement.getAttribute("role") ?? undefined,
        label,
        text,
        selector: createStableSelector(candidateElement),
        bounds,
        isInteractive: this.isInteractive(candidateElement)
      };

      capturedElements.push(capturedElement);
      pageTextParts.push([label, text].filter(Boolean).join(": "));
    }

    return {
      elements: capturedElements,
      pageText: pageTextParts.join("\n").slice(0, 12000)
    };
  }

  private createLabel(element: Element): string {
    const explicitClickyLabel = element.getAttribute("data-clicky-label");
    if (explicitClickyLabel) {
      return explicitClickyLabel.trim();
    }

    const ariaLabel = element.getAttribute("aria-label");
    if (ariaLabel) {
      return ariaLabel.trim();
    }

    const labelledBy = element.getAttribute("aria-labelledby");
    if (labelledBy) {
      const labelText = labelledBy
        .split(/\s+/)
        .map((id) => document.getElementById(id)?.textContent?.trim())
        .filter(Boolean)
        .join(" ");
      if (labelText) {
        return labelText;
      }
    }

    if (element instanceof HTMLInputElement || element instanceof HTMLTextAreaElement || element instanceof HTMLSelectElement) {
      const escapedElementId =
        element.id && typeof CSS !== "undefined" && CSS.escape ? CSS.escape(element.id) : element.id.replace(/["\\]/g, "\\$&");
      const labelElement = element.id ? document.querySelector(`label[for="${escapedElementId}"]`) : undefined;
      if (labelElement?.textContent) {
        return labelElement.textContent.trim();
      }
      if (element instanceof HTMLInputElement || element instanceof HTMLTextAreaElement) {
        return element.placeholder || element.name || (element instanceof HTMLInputElement ? element.type : "textarea");
      }
      return element.name || "select";
    }

    return "";
  }

  private createElementText(element: Element): string {
    if (this.redaction.isPrivateElement(element)) {
      return "[redacted]";
    }

    const inputValue = this.redaction.getSafeInputValue(element);
    const elementText = this.redaction.getSafeTextContent(element);
    const clickyContext = element.getAttribute("data-clicky-context") ?? "";

    return [clickyContext, elementText, inputValue].filter(Boolean).join(" ").slice(0, 600);
  }

  private createBounds(element: Element): ClickyRect {
    const rect = element.getBoundingClientRect();
    return {
      x: Math.round(rect.x),
      y: Math.round(rect.y),
      width: Math.round(rect.width),
      height: Math.round(rect.height)
    };
  }

  private isInteractive(element: Element): boolean {
    const tagName = element.tagName.toLowerCase();
    return (
      ["a", "button", "input", "textarea", "select", "summary"].includes(tagName) ||
      ["button", "link", "textbox", "checkbox", "radio", "switch", "menuitem", "tab"].includes(element.getAttribute("role") ?? "")
    );
  }
}
import type { NormalizedClickyOptions } from "../core/types";

const defaultPrivateSelectors = [
  "input[type='password']",
  "input[type='hidden']",
  "[data-clicky-private]",
  "[data-private]",
  "[autocomplete='current-password']",
  "[autocomplete='new-password']",
  "[autocomplete='one-time-code']"
];

export class Redaction {
  private readonly privateSelectors: string[];
  private readonly ignoredSelectors: string[];

  constructor(private readonly options: NormalizedClickyOptions) {
    this.privateSelectors = [...defaultPrivateSelectors, ...options.privacy.privateSelectors];
    this.ignoredSelectors = ["[data-clicky-ignore]", ...options.privacy.ignoredSelectors];
  }

  shouldIgnoreElement(element: Element): boolean {
    return this.matchesAny(element, this.ignoredSelectors);
  }

  isPrivateElement(element: Element): boolean {
    return this.matchesAny(element, this.privateSelectors);
  }

  getSafeInputValue(element: Element): string {
    if (!(element instanceof HTMLInputElement || element instanceof HTMLTextAreaElement || element instanceof HTMLSelectElement)) {
      return "";
    }

    if (this.isPrivateElement(element)) {
      return "[redacted]";
    }

    if (!this.options.privacy.includeInputValues) {
      return "";
    }

    return element.value.slice(0, 500);
  }

  getSafeTextContent(element: Element): string {
    const clonedElement = element.cloneNode(true) as Element;
    const selectorsToRemove = [...this.ignoredSelectors, ...this.privateSelectors, "[aria-hidden='true']"];

    for (const selector of selectorsToRemove) {
      try {
        for (const matchingElement of Array.from(clonedElement.querySelectorAll(selector))) {
          matchingElement.remove();
        }
      } catch {
        // Invalid host-provided selectors are ignored during redaction.
      }
    }

    return (clonedElement.textContent ?? "").replace(/\s+/g, " ").trim();
  }

  private matchesAny(element: Element, selectors: string[]): boolean {
    return selectors.some((selector) => {
      try {
        return element.matches(selector) || !!element.closest(selector);
      } catch {
        return false;
      }
    });
  }
}
const selectorEscape = (value: string): string => {
  if (typeof CSS !== "undefined" && CSS.escape) {
    return CSS.escape(value);
  }
  return value.replace(/["\\]/g, "\\$&");
};

export function createStableSelector(element: Element): string {
  if (element.id) {
    return `#${selectorEscape(element.id)}`;
  }

  const clickyLabel = element.getAttribute("data-clicky-label");
  if (clickyLabel) {
    return `[data-clicky-label="${selectorEscape(clickyLabel)}"]`;
  }

  const path: string[] = [];
  let currentElement: Element | null = element;

  while (currentElement && currentElement !== document.body && path.length < 5) {
    const tagName = currentElement.tagName.toLowerCase();
    const parentElement: Element | null = currentElement.parentElement;
    if (!parentElement) {
      path.unshift(tagName);
      break;
    }

    const sameTagSiblings: Element[] = Array.from(parentElement.children).filter(
      (siblingElement): siblingElement is Element => siblingElement.tagName === currentElement?.tagName
    );
    const siblingIndex = sameTagSiblings.indexOf(currentElement) + 1;
    path.unshift(sameTagSiblings.length > 1 ? `${tagName}:nth-of-type(${siblingIndex})` : tagName);
    currentElement = parentElement;
  }

  return path.join(" > ");
}
**********************
PowerShell transcript end
End time: 20260607140100
**********************
