**********************
PowerShell transcript start
Start time: 20260528022616
Username: JADHAV\jadha
RunAs User: JADHAV\jadha
Configuration Name: 
Machine: JADHAV (Microsoft Windows NT 10.0.26200.0)
Host Application: C:\Program Files\WindowsApps\Microsoft.PowerShell_7.6.2.0_x64__8wekyb3d8bbwe\pwsh.dll -Command [Console]::OutputEncoding=[System.Text.Encoding]::UTF8;
$timestamp = Get-Date -Format 'yyyyMMdd-HHmmss'; $logDir = Join-Path (Get-Location) 'logs'; New-Item -ItemType Directory -Force -Path $logDir | Out-Null; $logPath = Join-Path $logDir "plan-worker-routes-$timestamp.log"; Start-Transcript -Path $logPath -Force | Out-Null; Write-Host "LOG_PATH=$logPath"; Select-String -Path .\round-voice-437d\src\index.ts -Pattern "pathname ===|case |/health|/ai/chat|/voice|/memory|/telemetry"; Stop-Transcript | Out-Null
Process ID: 20996
PSVersion: 7.6.2
PSEdition: Core
GitCommitId: 7.6.2
OS: Microsoft Windows 10.0.26200
Platform: Win32NT
PSCompatibleVersions: 1.0, 2.0, 3.0, 4.0, 5.0, 5.1, 6.0, 7.0
PSRemotingProtocolVersion: 2.4
SerializationVersion: 1.1.0.1
WSManStackVersion: 3.0
**********************
LOG_PATH=C:\Users\jadha\clicky.ai\logs\plan-worker-routes-20260528-022616.log

round-voice-437d\src\index.ts:30:      if (url.pathname === "/") {
round-voice-437d\src\index.ts:34:            health: "/health",
round-voice-437d\src\index.ts:35:            chat: "/ai/chat",
round-voice-437d\src\index.ts:36:            stt: "/voice/stt",
round-voice-437d\src\index.ts:37:            sttToken: "/voice/stt-token",
round-voice-437d\src\index.ts:38:            sttStream: "/voice/stt-stream",
round-voice-437d\src\index.ts:39:            tts: "/voice/tts",
round-voice-437d\src\index.ts:40:            memorySave: "/memory/save",
round-voice-437d\src\index.ts:41:            memoryLoad: "/memory/load",
round-voice-437d\src\index.ts:42:            telemetry: "/telemetry/event",
round-voice-437d\src\index.ts:47:      if (url.pathname === "/health") {
round-voice-437d\src\index.ts:62:      if (url.pathname === "/ai/chat") {
round-voice-437d\src\index.ts:129:      if (url.pathname === "/voice/stt-token") {
round-voice-437d\src\index.ts:146:            websocketUrl: `${websocketProtocol}//${url.host}/voice/stt-stream`,
round-voice-437d\src\index.ts:178:      if (url.pathname === "/voice/stt-stream") {
round-voice-437d\src\index.ts:182:      if (url.pathname === "/voice/stt") {
round-voice-437d\src\index.ts:242:      if (url.pathname === "/voice/tts") {
round-voice-437d\src\index.ts:315:      if (url.pathname === "/memory/save") {
round-voice-437d\src\index.ts:357:      if (url.pathname === "/memory/load") {
round-voice-437d\src\index.ts:394:      if (url.pathname === "/telemetry/event") {
round-voice-437d\src\index.ts:570:        error: "Use a WebSocket connection for /voice/stt-stream.",
**********************
PowerShell transcript end
End time: 20260528022616
**********************
