**********************
PowerShell transcript start
Start time: 20260607145315
Username: JADHAV\jadha
RunAs User: JADHAV\jadha
Configuration Name: 
Machine: JADHAV (Microsoft Windows NT 10.0.26200.0)
Host Application: C:\Program Files\WindowsApps\Microsoft.PowerShell_7.6.2.0_x64__8wekyb3d8bbwe\pwsh.dll -Command try { [Console]::OutputEncoding=[System.Text.Encoding]::UTF8 } catch {}
$ErrorActionPreference='Stop'
$repo='C:\Users\jadha\clicky.ai'
$log=Join-Path $repo ("logs\read-guide-context-" + (Get-Date -Format 'yyyyMMdd-HHmmss') + ".log")
Start-Transcript -Path $log -Force | Out-Null
Set-Location (Join-Path $repo 'clicky-web-sdk')
Get-Content src\guide\GuideModeRuntime.ts
Get-Content src\context\SemanticGraph.ts
Get-Content src\context\ElementRegistry.ts
Stop-Transcript | Out-Null
Write-Output "Logged read to $log"
Process ID: 1464
PSVersion: 7.6.2
PSEdition: Core
GitCommitId: 7.6.2
OS: Microsoft Windows 10.0.26200
Platform: Win32NT
PSCompatibleVersions: 1.0, 2.0, 3.0, 4.0, 5.0, 5.1, 6.0, 7.0
PSRemotingProtocolVersion: 2.4
SerializationVersion: 1.1.0.1
WSManStackVersion: 3.0
**********************
PS>TerminatingError(Get-Content): "The running command stopped because the preference variable "ErrorActionPreference" or common parameter is set to Stop: Cannot find path 'C:\Users\jadha\clicky.ai\clicky-web-sdk\src\guide\GuideModeRuntime.ts' because it does not exist."
>> TerminatingError(Get-Content): "The running command stopped because the preference variable "ErrorActionPreference" or common parameter is set to Stop: Cannot find path 'C:\Users\jadha\clicky.ai\clicky-web-sdk\src\guide\GuideModeRuntime.ts' because it does not exist."
Get-Content: 
Line |
   7 |  Get-Content src\guide\GuideModeRuntime.ts
     |  ~~~~~~~~~~~~~~~~~~~~~~~~~~~~~~~~~~~~~~~~~
     | Cannot find path 'C:\Users\jadha\clicky.ai\clicky-web-sdk\src\guide\GuideModeRuntime.ts' because it does not exist.
PS>$global:?
False
**********************
PowerShell transcript end
End time: 20260607145315
**********************
