**********************
PowerShell transcript start
Start time: 20260607151121
Username: JADHAV\jadha
RunAs User: JADHAV\jadha
Configuration Name: 
Machine: JADHAV (Microsoft Windows NT 10.0.26200.0)
Host Application: C:\Program Files\WindowsApps\Microsoft.PowerShell_7.6.2.0_x64__8wekyb3d8bbwe\pwsh.dll -Command try { [Console]::OutputEncoding=[System.Text.Encoding]::UTF8 } catch {}
$ErrorActionPreference='Stop'
$repo='C:\Users\jadha\clicky.ai'
$log=Join-Path $repo ("logs\read-redaction-" + (Get-Date -Format 'yyyyMMdd-HHmmss') + ".log")
Start-Transcript -Path $log -Force | Out-Null
Set-Location (Join-Path $repo 'clicky-web-sdk')
Get-Content src\context\Redaction.ts
Stop-Transcript | Out-Null
Write-Output "Logged read to $log"
Process ID: 5100
PSVersion: 7.6.2
PSEdition: Core
GitCommitId: 7.6.2
OS: Microsoft Windows 10.0.26200
Platform: Win32NT
PSCompatibleVersions: 1.0, 2.0, 3.0, 4.0, 5.0, 5.1, 6.0, 7.0
PSRemotingProtocolVersion: 2.4
SerializationVersion: 1.1.0.1
WSManStackVersion: 3.0
**********************
import type { NormalizedClickyOptions } from "../core/types";

const defaultPrivateSelectors = [
  "input[type='password']",
  "input[type='hidden']",
  "[data-clicky-private]",
  "[data-private]",
  "[autocomplete='current-password']",
  "[autocomplete='new-password']",
  "[autocomplete='one-time-code']"
];

export class Redaction {
  private readonly privateSelectors: string[];
  private readonly ignoredSelectors: string[];

  constructor(private readonly options: NormalizedClickyOptions) {
    this.privateSelectors = [...defaultPrivateSelectors, ...options.privacy.privateSelectors];
    this.ignoredSelectors = ["[data-clicky-ignore]", ...options.privacy.ignoredSelectors];
  }

  shouldIgnoreElement(element: Element): boolean {
    return this.matchesAny(element, this.ignoredSelectors);
  }

  isPrivateElement(element: Element): boolean {
    return this.matchesAny(element, this.privateSelectors);
  }

  getSafeInputValue(element: Element): string {
    if (!(element instanceof HTMLInputElement || element instanceof HTMLTextAreaElement || element instanceof HTMLSelectElement)) {
      return "";
    }

    if (this.isPrivateElement(element)) {
      return "[redacted]";
    }

    if (!this.options.privacy.includeInputValues) {
      return "";
    }

    return element.value.slice(0, 500);
  }

  getSafeTextContent(element: Element): string {
    const clonedElement = element.cloneNode(true) as Element;
    const selectorsToRemove = [...this.ignoredSelectors, ...this.privateSelectors, "[aria-hidden='true']"];

    for (const selector of selectorsToRemove) {
      try {
        for (const matchingElement of Array.from(clonedElement.querySelectorAll(selector))) {
          matchingElement.remove();
        }
      } catch {
        // Invalid host-provided selectors are ignored during redaction.
      }
    }

    return (clonedElement.textContent ?? "").replace(/\s+/g, " ").trim();
  }

  private matchesAny(element: Element, selectors: string[]): boolean {
    return selectors.some((selector) => {
      try {
        return element.matches(selector) || !!element.closest(selector);
      } catch {
        return false;
      }
    });
  }
}
**********************
PowerShell transcript end
End time: 20260607151121
**********************
