**********************
PowerShell transcript start
Start time: 20260607152847
Username: JADHAV\jadha
RunAs User: JADHAV\jadha
Configuration Name: 
Machine: JADHAV (Microsoft Windows NT 10.0.26200.0)
Host Application: C:\Program Files\WindowsApps\Microsoft.PowerShell_7.6.2.0_x64__8wekyb3d8bbwe\pwsh.dll -Command try { [Console]::OutputEncoding=[System.Text.Encoding]::UTF8 } catch {}
$ErrorActionPreference='Stop'
$repo='C:\Users\jadha\clicky.ai'
$log=Join-Path $repo ("logs\read-target-spec-after-patch-" + (Get-Date -Format 'yyyyMMdd-HHmmss') + ".log")
Start-Transcript -Path $log -Force | Out-Null
Set-Location (Join-Path $repo 'clicky-web-sdk')
Get-Content e2e\02-target-lock.spec.ts
Stop-Transcript | Out-Null
Write-Output "Logged target spec read to $log"
Process ID: 16792
PSVersion: 7.6.2
PSEdition: Core
GitCommitId: 7.6.2
OS: Microsoft Windows 10.0.26200
Platform: Win32NT
PSCompatibleVersions: 1.0, 2.0, 3.0, 4.0, 5.0, 5.1, 6.0, 7.0
PSRemotingProtocolVersion: 2.4
SerializationVersion: 1.1.0.1
WSManStackVersion: 3.0
**********************
import { expect, getPointElementId, rectDrift, test } from "./fixtures/sdk-fixture";

async function forceLocalGuidance(page: import("@playwright/test").Page): Promise<void> {
  await page.route("**/ai/chat", (route) => route.abort("failed"));
}

async function waitOneAnimationFrame(page: import("@playwright/test").Page): Promise<void> {
  await page.evaluate(() => new Promise<void>((resolve) => requestAnimationFrame(() => resolve())));
}

test.describe("target lock", () => {
  test("highlight follows element on scroll with under 4px drift", async ({ page, sdk }) => {
    await forceLocalGuidance(page);

    const cursorPointingPromise = sdk.waitForEvent("cursor:pointing", 10_000);
    void sdk.sendText("find the search button");
    const event = await cursorPointingPromise;
    const targetId = getPointElementId(event);
    await waitOneAnimationFrame(page);

    await sdk.scrollPage(120);

    await expect
      .poll(async () => {
        const highlightRect = await sdk.getHighlightRect();
        const targetRect = await sdk.getTargetRect(targetId);
        return Math.max(Math.abs(highlightRect.top - targetRect.top), Math.abs(highlightRect.left - targetRect.left));
      })
      .toBeLessThan(4);
  });

  test("highlight survives resize with under 4px drift", async ({ page, sdk }) => {
    await forceLocalGuidance(page);

    const cursorPointingPromise = sdk.waitForEvent("cursor:pointing", 10_000);
    void sdk.sendText("find the search button");
    const event = await cursorPointingPromise;
    const targetId = getPointElementId(event);
    await page.setViewportSize({ width: 800, height: 600 });

    await expect
      .poll(async () => {
        const highlightRect = await sdk.getHighlightRect();
        const targetRect = await sdk.getTargetRect(targetId);
        return rectDrift(highlightRect, targetRect);
      })
      .toBeLessThan(4);
  });

  test("route change keeps lock when the target still exists", async ({ page, sdk }) => {
    await forceLocalGuidance(page);

    const cursorPointingPromise = sdk.waitForEvent("cursor:pointing", 10_000);
    void sdk.sendText("find the search button");
    const event = await cursorPointingPromise;
    const targetId = getPointElementId(event);
    await sdk.triggerRouteChange("/other-page");
    await page.waitForTimeout(600);

    const highlightRect = await sdk.getHighlightRect();
    const targetRect = await sdk.getTargetRect(targetId);
    expect(rectDrift(highlightRect, targetRect)).toBeLessThan(4);
  });

  test("target-lost event fires on element removal", async ({ page, sdk }) => {
    await forceLocalGuidance(page);

    const cursorPointingPromise = sdk.waitForEvent("cursor:pointing", 10_000);
    void sdk.sendText("find the create invoice button");
    await cursorPointingPromise;
    const targetLostPromise = sdk.waitForEvent("cursor:target-lost", 2_000);
    await page.evaluate(() => document.querySelector("[data-target='create-invoice']")?.remove());
    await targetLostPromise;
  });
});
**********************
PowerShell transcript end
End time: 20260607152847
**********************
