**********************
PowerShell transcript start
Start time: 20260607145316
Username: JADHAV\jadha
RunAs User: JADHAV\jadha
Configuration Name: 
Machine: JADHAV (Microsoft Windows NT 10.0.26200.0)
Host Application: C:\Program Files\WindowsApps\Microsoft.PowerShell_7.6.2.0_x64__8wekyb3d8bbwe\pwsh.dll -Command try { [Console]::OutputEncoding=[System.Text.Encoding]::UTF8 } catch {}
$ErrorActionPreference='Stop'
$repo='C:\Users\jadha\clicky.ai'
$log=Join-Path $repo ("logs\read-package-tsconfig-" + (Get-Date -Format 'yyyyMMdd-HHmmss') + ".log")
Start-Transcript -Path $log -Force | Out-Null
Set-Location (Join-Path $repo 'clicky-web-sdk')
Get-Content package.json
Get-Content tsconfig.json
Stop-Transcript | Out-Null
Write-Output "Logged read to $log"
Process ID: 29528
PSVersion: 7.6.2
PSEdition: Core
GitCommitId: 7.6.2
OS: Microsoft Windows 10.0.26200
Platform: Win32NT
PSCompatibleVersions: 1.0, 2.0, 3.0, 4.0, 5.0, 5.1, 6.0, 7.0
PSRemotingProtocolVersion: 2.4
SerializationVersion: 1.1.0.1
WSManStackVersion: 3.0
**********************
{
  "name": "@clicky/web-sdk",
  "version": "0.1.0",
  "description": "Browser-native Clicky AI SDK for SaaS webapps.",
  "type": "module",
  "main": "./dist/clicky-web-sdk.umd.cjs",
  "module": "./dist/clicky-web-sdk.js",
  "types": "./dist/index.d.ts",
  "exports": {
    ".": {
      "types": "./dist/index.d.ts",
      "import": "./dist/clicky-web-sdk.js",
      "require": "./dist/clicky-web-sdk.umd.cjs"
    }
  },
  "files": [
    "dist",
    "README.md"
  ],
  "scripts": {
    "dev": "vite --host 127.0.0.1",
    "build": "tsc --noEmit && vite build && tsc -p tsconfig.build.json",
    "preview": "vite preview --host 127.0.0.1",
    "test": "vitest run",
    "test:watch": "vitest"
  },
  "keywords": [
    "clicky",
    "ai",
    "sdk",
    "voice",
    "browser"
  ],
  "license": "MIT",
  "devDependencies": {
    "@playwright/test": "^1.60.0",
    "@types/node": "^20.14.12",
    "jsdom": "^29.1.1",
    "playwright": "^1.60.0",
    "tsx": "^4.22.4",
    "typescript": "^5.5.4",
    "vite": "^5.4.0",
    "vitest": "^2.0.5"
  }
}
{
  "compilerOptions": {
    "target": "ES2020",
    "useDefineForClassFields": true,
    "lib": ["DOM", "DOM.Iterable", "ES2020"],
    "allowJs": false,
    "skipLibCheck": true,
    "esModuleInterop": true,
    "allowSyntheticDefaultImports": true,
    "strict": true,
    "forceConsistentCasingInFileNames": true,
    "module": "ESNext",
    "moduleResolution": "Bundler",
    "resolveJsonModule": true,
    "isolatedModules": true,
    "noEmit": true,
    "declaration": true
  },
  "include": ["src", "demo"],
  "references": []
}
**********************
PowerShell transcript end
End time: 20260607145316
**********************
