**********************
PowerShell transcript start
Start time: 20260607145655
Username: JADHAV\jadha
RunAs User: JADHAV\jadha
Configuration Name: 
Machine: JADHAV (Microsoft Windows NT 10.0.26200.0)
Host Application: C:\Program Files\WindowsApps\Microsoft.PowerShell_7.6.2.0_x64__8wekyb3d8bbwe\pwsh.dll -Command try { [Console]::OutputEncoding=[System.Text.Encoding]::UTF8 } catch {}
$ErrorActionPreference='Stop'
$repo='C:\Users\jadha\clicky.ai'
$log=Join-Path $repo ("logs\read-demo-css-" + (Get-Date -Format 'yyyyMMdd-HHmmss') + ".log")
Start-Transcript -Path $log -Force | Out-Null
Set-Location (Join-Path $repo 'clicky-web-sdk')
Get-Content demo\styles.css
Stop-Transcript | Out-Null
Write-Output "Logged read to $log"
Process ID: 31104
PSVersion: 7.6.2
PSEdition: Core
GitCommitId: 7.6.2
OS: Microsoft Windows 10.0.26200
Platform: Win32NT
PSCompatibleVersions: 1.0, 2.0, 3.0, 4.0, 5.0, 5.1, 6.0, 7.0
PSRemotingProtocolVersion: 2.4
SerializationVersion: 1.1.0.1
WSManStackVersion: 3.0
**********************
* {
  box-sizing: border-box;
}

body {
  margin: 0;
  min-height: 100vh;
  background: #f6f7f9;
  color: #17202c;
  font-family: Inter, ui-sans-serif, system-ui, -apple-system, BlinkMacSystemFont, "Segoe UI", sans-serif;
}

button,
input {
  font: inherit;
}

button {
  cursor: pointer;
}

.app-shell {
  display: grid;
  grid-template-columns: 240px 1fr;
  min-height: 100vh;
}

.sidebar {
  display: flex;
  flex-direction: column;
  gap: 8px;
  padding: 24px;
  background: #111827;
  color: white;
}

.sidebar strong {
  margin-bottom: 20px;
}

.sidebar button {
  border: 0;
  border-radius: 8px;
  padding: 10px 12px;
  background: transparent;
  color: #d1d5db;
  text-align: left;
}

.sidebar button:hover {
  background: rgba(255, 255, 255, 0.08);
  color: white;
}

.content {
  padding: 32px;
}

.toolbar {
  display: flex;
  align-items: center;
  justify-content: space-between;
  gap: 24px;
  margin-bottom: 24px;
}

.toolbar h1 {
  margin: 0 0 6px;
}

.toolbar p {
  margin: 0;
  color: #5b6472;
}

.toolbar button,
.search-row button {
  border: 0;
  border-radius: 8px;
  padding: 10px 14px;
  background: #0f67ff;
  color: white;
}

.metric-grid {
  display: grid;
  grid-template-columns: repeat(3, minmax(0, 1fr));
  gap: 16px;
  margin-bottom: 24px;
}

.metric-grid article,
.search-row,
table {
  border: 1px solid #d9dee7;
  border-radius: 8px;
  background: white;
}

.metric-grid article {
  padding: 18px;
}

.metric-grid span {
  display: block;
  margin-bottom: 8px;
  color: #5b6472;
}

.metric-grid strong {
  font-size: 26px;
}

.search-row {
  display: grid;
  grid-template-columns: auto 1fr auto;
  gap: 12px;
  align-items: center;
  padding: 14px;
  margin-bottom: 24px;
}

.search-row input {
  min-width: 0;
  border: 1px solid #cbd3df;
  border-radius: 8px;
  padding: 10px 12px;
}

table {
  width: 100%;
  border-collapse: separate;
  border-spacing: 0;
  overflow: hidden;
}

.diagnostics {
  margin-top: 24px;
  border: 1px solid #d9dee7;
  border-radius: 8px;
  background: #ffffff;
  padding: 18px;
}

.diagnostics h2 {
  margin: 0 0 4px;
  font-size: 18px;
}

.diagnostics p {
  margin: 0 0 14px;
  color: #5b6472;
}

.diagnostics pre {
  margin: 0;
  max-height: 240px;
  overflow: auto;
  border-radius: 8px;
  background: #10151f;
  color: #dbeafe;
  padding: 12px;
  font-size: 12px;
  line-height: 1.45;
}

th,
td {
  padding: 14px 16px;
  border-bottom: 1px solid #e6e9ef;
  text-align: left;
}

td button {
  border: 1px solid #cbd3df;
  border-radius: 8px;
  padding: 8px 10px;
  background: white;
}
**********************
PowerShell transcript end
End time: 20260607145655
**********************
