**********************
PowerShell transcript start
Start time: 20260607151323
Username: JADHAV\jadha
RunAs User: JADHAV\jadha
Configuration Name: 
Machine: JADHAV (Microsoft Windows NT 10.0.26200.0)
Host Application: C:\Program Files\WindowsApps\Microsoft.PowerShell_7.6.2.0_x64__8wekyb3d8bbwe\pwsh.dll -Command try { [Console]::OutputEncoding=[System.Text.Encoding]::UTF8 } catch {}
$ErrorActionPreference='Stop'
$repo='C:\Users\jadha\clicky.ai'
$log=Join-Path $repo ("logs\sdk-e2e-failing-rerun-" + (Get-Date -Format 'yyyyMMdd-HHmmss') + ".log")
Start-Transcript -Path $log -Force | Out-Null
Set-Location (Join-Path $repo 'clicky-web-sdk')
npx playwright test e2e/01-cursor-animation.spec.ts e2e/02-target-lock.spec.ts e2e/03-semantic-graph.spec.ts e2e/05-voice-waveform.spec.ts e2e/07-screenshot-vision.spec.ts
Stop-Transcript | Out-Null
Write-Output "Logged focused e2e rerun to $log"
Process ID: 27412
PSVersion: 7.6.2
PSEdition: Core
GitCommitId: 7.6.2
OS: Microsoft Windows 10.0.26200
Platform: Win32NT
PSCompatibleVersions: 1.0, 2.0, 3.0, 4.0, 5.0, 5.1, 6.0, 7.0
PSRemotingProtocolVersion: 2.4
SerializationVersion: 1.1.0.1
WSManStackVersion: 3.0
**********************

**********************
PowerShell transcript end
End time: 20260607151511
**********************
