**********************
PowerShell transcript start
Start time: 20260607153525
Username: JADHAV\jadha
RunAs User: JADHAV\jadha
Configuration Name: 
Machine: JADHAV (Microsoft Windows NT 10.0.26200.0)
Host Application: C:\Program Files\WindowsApps\Microsoft.PowerShell_7.6.2.0_x64__8wekyb3d8bbwe\pwsh.dll -Command try { [Console]::OutputEncoding=[System.Text.Encoding]::UTF8 } catch {}
$ErrorActionPreference='Stop'
$repo='C:\Users\jadha\clicky.ai'
$log=Join-Path $repo ("logs\sdk-e2e-report-final-" + (Get-Date -Format 'yyyyMMdd-HHmmss') + ".log")
Start-Transcript -Path $log -Force | Out-Null
Set-Location (Join-Path $repo 'clicky-web-sdk')
npm run test:e2e:report
Get-Content e2e\EVAL_REPORT.md
Stop-Transcript | Out-Null
Write-Output "Logged final report generation to $log"
Process ID: 11500
PSVersion: 7.6.2
PSEdition: Core
GitCommitId: 7.6.2
OS: Microsoft Windows 10.0.26200
Platform: Win32NT
PSCompatibleVersions: 1.0, 2.0, 3.0, 4.0, 5.0, 5.1, 6.0, 7.0
PSRemotingProtocolVersion: 2.4
SerializationVersion: 1.1.0.1
WSManStackVersion: 3.0
**********************

# Essora Web SDK Browser Evaluation

Generated: 2026-06-07T10:05:26.278Z

## Animation quality
- Cursor flight: pass
- Arrival bob: pass
- Reduced-motion skip: pass
- Fade after inactivity: pass

## Target lock accuracy
- Max observed drift during scroll (px): asserted < 4px by `highlight follows element on scroll`
- Max observed drift during resize (px): asserted < 4px by `highlight survives resize`
- Route re-lock: pass
- target-lost event: pass

## Semantic graph
- Element count on demo page: validated by `graph contains interactive elements`
- stableId consistency: pass
- Redaction: pass
- 120-node cap: pass

## Guide mode
- Steps generated per goal (count): skipped
- Step advance on stepCompleted: skipped
- Recovery after timeout: skipped
- Cancel stops loop: skipped

## Voice
- mic:level events per second (rate): asserted by `mic:level event fires during recording`
- Silent detection latency (ms): asserted >= 3000ms by `mic:silent fires`
- Permission denied handling: pass

## Onboarding
- First-run auto-show: pass
- All checks complete: pass
- Dismiss persistence: pass

## Screenshot vision
- Capture success: skipped
- Attaches to request: skipped
- Off by default: pass
- Graceful denial: pass

## Overall
- Total tests: 28
- Passed: 21
- Failed: 0
- Skipped: 7
- Known CI limitations:
  - Live Guide Mode and multi-step model evaluation require RUN_LIVE_AI_E2E=1.
  - Browser display-capture success/attachment checks require RUN_DISPLAY_CAPTURE_E2E=1.
  - Voice validation uses Chromium fake media and does not measure physical microphone quality.

## Failed Tests
- none
**********************
PowerShell transcript end
End time: 20260607153526
**********************
